// Jest Snapshot v1, https://goo.gl/fbAQLP

exports[`рендерится корректно (snapshot) 1`] = `<DocumentFragment />`;
